.
├── admin
│   ├── add-category.php
│   ├── add-hero.php
│   ├── analytics.php
│   ├── auction-chart.php
│   ├── bid-chart.php
│   ├── bid.php
│   ├── bids-chart.php
│   ├── dashboard.php
│   ├── edit-auction.php
│   ├── edit-hero.php
│   ├── footer.php
│   ├── header.php
│   ├── hero-content.php
│   ├── index.php
│   ├── logout.php
│   ├── manage-auction.php
│   ├── manage-bid.php
│   ├── manage-hero.php
│   ├── manage-inactivate.php
│   ├── manage-moment.php
│   ├── manage-refund.php
│   ├── manage-review.php
│   ├── manage-user.php
│   ├── navbar.php
│   ├── profile.php
│   ├── registration-chart.php
│   ├── settings.php
│   ├── update-profile.php
│   ├── user-status-chart.php
│   └── view-profile.php
├── assets
│   ├── css
│   │   ├── bootstrap.min.css
│   │   ├── home-style.css
│   │   └── table-styles.css
│   ├── js
│   │   ├── bootstrap.bundle.min.js
│   │   ├── datatables-simple-demo.js
│   │   └── scripts.js
│   ├── link.html
│   └── style.css
├── contact-mail.php
├── footer.php
├── header.php
├── hero-content.php
├── heroes.php
├── htaccess
├── images
│   ├── heroes
│   │   ├── 1.jpg
│   │   ├── hero_677536c45a89c.webp
│   │   ├── hero_679c9259d9edb.webp
│   │   ├── hero_67b7ecd26a370.webp
│   │   ├── hero_67b7ed46e7955.webp
│   │   └── hero_67b7edc51146f.webp
│   ├── logo
│   │   ├── 1.png
│   │   ├── android-chrome-192x192.png
│   │   ├── android-chrome-512x512.png
│   │   ├── apple-touch-icon.png
│   │   ├── favicon-16x16.png
│   │   ├── favicon-32x32.png
│   │   ├── favicon.ico
│   │   ├── logo.png
│   │   ├── logo1.png
│   │   └── site.webmanifest
│   ├── moments
│   │   ├── moment_677bd5d01dfed.jpg
│   │   ├── moment_677bd5d67b852.jpg
│   │   ├── moment_677bd5ddea4a2.jpg
│   │   ├── moment_677bd5e44fe55.jpg
│   │   ├── moment_677bd5eb7a08e.jpg
│   │   ├── moment_677bd5f242b65.jpg
│   │   ├── moment_677bd5fb35a03.jpg
│   │   ├── moment_677bd6017c383.jpg
│   │   ├── moment_677bd6081c7f7.jpg
│   │   ├── moment_677bd6102ed0d.jpg
│   │   ├── moment_677bd61781928.jpg
│   │   └── moment_677bd61d2472f.jpg
│   ├── products
│   │   ├── prod_67b7eed0e4260.webp
│   │   ├── prod_67b7f01ac9809.webp
│   │   ├── prod_67b7f1741c863.webp
│   │   ├── prod_67b829b49016b.webp
│   │   ├── prod_67d308c8646e5.webp
│   │   ├── prod_67d308f79f184.webp
│   │   ├── prod_67ef571d1fe06.webp
│   │   ├── prod_67ef838a8d28e.webp
│   │   ├── prod_67f5d92055414.webp
│   │   ├── prod_67f60463a17c8.webp
│   │   ├── prod_67fa8e8393c01.webp
│   │   ├── prod_6819b867c8519.webp
│   │   └── prod_681af6437fa8a.webp
│   ├── profiles
│   │   ├── bot.webp
│   │   ├── img_674561fd68014.webp
│   │   ├── img_674b2bcaafe57.webp
│   │   └── profile.webp
│   └── refund
│       ├── txn_681af6aac04f90.68650128_proof_0_1000017900.jpg
│       ├── txn_681af6aac04f90.68650128_proof_1_1000017898.jpg
│       └── txn_681af6aac04f90.68650128_proof_2_1000017799.jpg
├── includes
│   ├── auth.php
│   ├── db.php
│   └── functions.php
├── index.php
├── migration
│   ├── Infinty.sql
│   ├── eAuctionWithDataSet.sql
│   ├── eAuctionWithDataSetOld.sql
│   ├── eAuctionWithOutDataSet.sql
│   └── eAuctionWithOutDataSetOld.sql
├── moments.php
├── navbar.php
├── nohup.out
├── public
│   ├── InfoData
│   │   ├── refund.json
│   │   ├── subscription_transactions.json
│   │   └── transactions.json
│   ├── activate-user.php
│   ├── add-auction.php
│   ├── add-interest.php
│   ├── add-moments.php
│   ├── auction-chatbot.php
│   ├── auctions.php
│   ├── bid.php
│   ├── change-password.php
│   ├── conform.php
│   ├── edit-auction.php
│   ├── footer.php
│   ├── forgot-password.php
│   ├── function.sql
│   ├── genrate-invoice.php
│   ├── header.php
│   ├── index.php
│   ├── log
│   │   ├── auctionReminder.json
│   │   └── paymentReminder.json
│   ├── login.php
│   ├── logos
│   │   ├── logo.png
│   │   └── logo1.png
│   ├── logout.php
│   ├── manage-auction.php
│   ├── menu.php
│   ├── navbar.php
│   ├── notifyuser.php
│   ├── pay.php
│   ├── payment.php
│   ├── profile.php
│   ├── register.php
│   ├── reset-password.php
│   ├── review-popup.php
│   ├── revisited-auctions.php
│   ├── settings.php
│   ├── update-profile.php
│   └── view-profile.php
├── review.php
└── tcpd3f.zip

18 directories, 145 files
